******************************************************************************
            TI ARM Clang Linker PC v3.2.2                      
******************************************************************************
>> Linked Mon Jul 28 11:58:54 2025

OUTPUT FILE NAME:   <simple_peripheral_CC1352R1_LAUNCHXL_tirtos7_ticlang.out>
ENTRY POINT SYMBOL: "ResetISR"  address: 0001bcbf


MEMORY CONFIGURATION

         name            origin    length      used     unused   attr    fill
----------------------  --------  ---------  --------  --------  ----  --------
  FLASH                 00000000   00056000  00022bde  00033422  R  X
  FLASH_LAST_PAGE       00056000   00002000  00000058  00001fa8  R  X
  RTOS_SRAM             20000000   0000012c  00000000  0000012c  RW X
  SRAM                  20000fdf   00013021  00002df8  00010229  RW X


SEGMENT ALLOCATION MAP

run origin  load origin   length   init length attrs members
----------  ----------- ---------- ----------- ----- -------
00000000    00000000    0001ebe0   0001ebe0    r-x
  00000000    00000000    0000003c   0000003c    r-- .resetVecs
  0000003c    0000003c    00000004   00000004    r-- .rodata.1
  00000040    00000040    0001c450   0001c450    r-x .text
  0001c490    0001c490    000021fe   000021fe    r-- .rodata.2
  0001e690    0001e690    00000008   00000008    r-- .log_data
  0001e698    0001e698    00000548   00000548    r-- .cinit
00048000    00048000    00004000   00000000    rw-
  00048000    00048000    00004000   00000000    rw- .TI.bound:flashBuf0
00057fa8    00057fa8    00000058   00000058    r--
  00057fa8    00057fa8    00000058   00000058    r-- .ccfg
20001810    20001810    00000020   00000000    rw-
  20001810    20001810    00000010   00000000    rw- .TI.bound:dmaUart0RxControlTableEntry
  20001820    20001820    00000010   00000000    rw- .TI.bound:dmaUart0TxControlTableEntry
20001900    20001900    00002876   00000000    rw-
  20001900    20001900    00000f18   00000000    rw- .data
  20002818    20002818    0000195e   00000000    rw- .bss
20004200    20004200    000000d8   00000000    rw-
  20004200    20004200    000000d8   00000000    rw- .ramVecs
20013c00    20013c00    00000400   00000000    rw-
  20013c00    20013c00    00000400   00000000    rw- .stack


SECTION ALLOCATION MAP

 output                                  attributes/
section   page    origin      length       input sections
--------  ----  ----------  ----------   ----------------
.resetVecs 
*          0    00000000    0000003c     
                  00000000    0000003c     ti_sysbios_config.o (.resetVecs)

.rodata.1 
*          0    0000003c    00000004     
                  0000003c    00000004     drivers_cc13x2.a : NVS.c.obj (.rodata.NVS_defaultParams)

.cinit     0    0001e698    00000548     
                  0001e698    000004f3     (.cinit..data.load) [load image, compression = lzss]
                  0001eb8b    00000001     --HOLE-- [fill = 0]
                  0001eb8c    0000000c     (__TI_handler_table)
                  0001eb98    00000008     (.cinit..TI.bound:dmaUart0RxControlTableEntry.load) [load image, compression = zero_init]
                  0001eba0    00000008     (.cinit..TI.bound:dmaUart0TxControlTableEntry.load) [load image, compression = zero_init]
                  0001eba8    00000008     (.cinit..bss.load) [load image, compression = zero_init]
                  0001ebb0    00000008     (.cinit..ramVecs.load) [load image, compression = zero_init]
                  0001ebb8    00000028     (__TI_cinit_table)

.init_array 
*          0    00000000    00000000     UNINITIALIZED

.ccfg      0    00057fa8    00000058     
                  00057fa8    00000058     ti_devices_config.o (.ccfg)

.data      0    20001900    00000f18     UNINITIALIZED
                  20001900    00000174     drivers_cc13x2.a : PowerCC26X2.c.obj (.data.PowerCC26X2_module)
                  20001a74    00000130     devinfoservice.o (.data.devInfoAttrTbl)
                  20001ba4    00000110     simple_gatt_profile.o (.data.simpleProfileAttrTbl)
                  20001cb4    000000f4     StackWrapper.a : gapbondmgr.o (.data)
                  20001da8    000000b0     OneLib.a : gapgattserver.o (.data)
                  20001e58    0000007c     ti_drivers_config.o (.data.gpioPinConfigs)
                  20001ed4    00000004     icall.o (.data.ICall_dispatcher)
                  20001ed8    0000007a     devinfoservice.o (.data..L_MergedGlobals)
                  20001f52    00000002     ble_user_config.o (.data.bleUserCfg_maxPduSize)
                  20001f54    00000070     ti_sysbios_config.o (.data..L_MergedGlobals)
                  20001fc4    0000006c     OneLib.a : ll_config.o (.data)
                  20002030    00000068     rf_multiMode_cc13x2.a : RFCC26X2_multiMode.c.cc13x2.ticlang.o (.data..L_MergedGlobals.1)
                  20002098    00000068     ti_sysbios_config.o (.data..L_MergedGlobals.71)
                  20002100    00000068     ti_sysbios_config.o (.data.ti_sysbios_knl_Clock_Module_state)
                  20002168    00000064     rf_multiMode_cc13x2.a : RFCC26X2_multiMode.c.cc13x2.ticlang.o (.data..L_MergedGlobals.3)
                  200021cc    00000064     simple_peripheral.o (.data..L_MergedGlobals.52)
                  20002230    00000058     rf_multiMode_cc13x2.a : RFCC26X2_multiMode.c.cc13x2.ticlang.o (.data..L_MergedGlobals.2)
                  20002288    00000054     ti_radio_config.o (.data.pOverrides_bleCommon)
                  200022dc    00000050     ti_radio_config.o (.data.txPowerTable_2400_pa5)
                  2000232c    00000040     OneLib.a : gattservapp.o (.data)
                  2000236c    00000040              : sm_pairing.o (.data)
                  200023ac    0000003c     icall.o (.data..L_MergedGlobals.1)
                  200023e8    0000003c     icall_user_config.o (.data.nvintfFncStruct)
                  20002424    0000003c     ti_sysbios_config.o (.data.ti_sysbios_knl_Task_Module_state)
                  20002460    00000038     drivers_cc13x2.a : TRNGCC26XX.c.obj (.data..L_MergedGlobals.1)
                  20002498    00000030                      : TRNGCC26XX.c.obj (.data..L_MergedGlobals)
                  200024c8    0000002a     devinfoservice.o (.data..L_MergedGlobals.1)
                  200024f2    00000002     OneLib.a : ll.o (.data)
                  200024f4    00000028     nvocmp.o (.data..L_MergedGlobals.1)
                  2000251c    00000028     board_key.o (.data..L_MergedGlobals)
                  20002544    00000024     ble_user_config.o (.data.eccParams_NISTP256)
                  20002568    00000020     simple_peripheral.o (.data..L_MergedGlobals)
                  20002588    0000001c     ti_ble_config.o (.data.advParams1)
                  200025a4    0000001c     ti_ble_config.o (.data.advParams2)
                  200025c0    0000001c     ti_radio_config.o (.data.pOverrides_ble2Mbps)
                  200025dc    00000018     ti_radio_config.o (.data.pOverrides_ble1Mbps)
                  200025f4    00000015     ti_ble_config.o (.data.attDeviceName)
                  20002609    00000001     drivers_cc13x2.a : AESCTRCC26XX.c.obj (.data.AESCTR_isInitialized)
                  2000260a    00000002     OneLib.a : ll_config.o (.data)
                  2000260c    00000014     StackWrapper.a : osal.o (.data)
                  20002620    00000013     display_cc13x2.a : DisplayUart2.c.obj (.data.DisplayUart2Ansi_escInitial)
                  20002633    00000011     simple_gatt_profile.o (.data.simpleProfileChar1UserDesp)
                  20002644    00000011     simple_gatt_profile.o (.data.simpleProfileChar2UserDesp)
                  20002655    00000011     simple_gatt_profile.o (.data.simpleProfileChar3UserDesp)
                  20002666    00000011     simple_gatt_profile.o (.data.simpleProfileChar4UserDesp)
                  20002677    00000011     simple_gatt_profile.o (.data.simpleProfileChar5UserDesp)
                  20002688    00000010     driverlib.lib : osc.c.obj (.data..L_MergedGlobals)
                  20002698    00000010     icall.o (.data..L_MergedGlobals)
                  200026a8    00000010     ti_radio_config.o (.data.RF_modeBle)
                  200026b8    00000010     driverlib.lib : osc.c.obj (.data._hposcCoeffs)
                  200026c8    00000010     icall_user_config.o (.data.bleAppServiceInfoTable)
                  200026d8    00000010     ti_radio_config.o (.data.pOverrides_bleCoded)
                  200026e8    00000010     main.o (.data.user0Cfg)
                  200026f8    00000010     OneLib.a : gattservapp.o (.data)
                  20002708    00000010              : ll_data.o (.data)
                  20002718    0000000f     ti_ble_config.o (.data..L_MergedGlobals)
                  20002727    00000001     nvocmp.o (.data.NVOCMP_failF)
                  20002728    0000000d     simple_gatt_profile.o (.data..L_MergedGlobals)
                  20002735    00000001     drivers_cc13x2.a : PKAResourceCC26XX.c.obj (.data.PKAResourceCC26XX_pollingFlag)
                  20002736    00000002     StackWrapper.a : osal_cbtimer.o (.data)
                  20002738    0000000c     drivers_cc13x2.a : NVSCC26XX.c.obj (.data..L_MergedGlobals)
                  20002744    0000000b     ti_ble_config.o (.data.advData1)
                  2000274f    0000000b     ti_ble_config.o (.data.advData2)
                  2000275a    00000001     rf_multiMode_cc13x2.a : rf_patch_cpe_bt5.c.cc13x2.ticlang.o (.data.bBt5PatchEntered)
                  2000275b    00000001     devinfoservice.o (.data.devInfo11073CertProps)
                  2000275c    00000008     two_btn_menu.o (.data..L_MergedGlobals.7)
                  20002764    00000008     icall_cc2650.o (.data..L_MergedGlobals)
                  2000276c    00000008     rf_multiMode_cc13x2.a : RFCC26X2_multiMode.c.cc13x2.ticlang.o (.data..L_MergedGlobals)
                  20002774    00000008     two_btn_menu.o (.data..L_MergedGlobals)
                  2000277c    00000008     rf_multiMode_cc13x2.a : RFCC26X2_multiMode.c.cc13x2.ticlang.o (.data.RFCC26XX_schedulerPolicy)
                  20002784    00000008     ti_sysbios_config.o (.data.ti_sysbios_gates_GateMutexPri_Module_state)
                  2000278c    00000008     ti_sysbios_config.o (.data.ti_sysbios_heaps_HeapCallback_Module_state)
                  20002794    00000008     ti_sysbios_config.o (.data.ti_sysbios_knl_Event_state)
                  2000279c    00000008     ti_sysbios_config.o (.data.ti_sysbios_knl_Semaphore_Module_state)
                  200027a4    00000008     OneLib.a : gapgattserver.o (.data)
                  200027ac    00000008     StackWrapper.a : gapbondmgr.o (.data)
                  200027b4    00000006     ti_ble_config.o (.data.pRandomAddress)
                  200027ba    00000005     display_cc13x2.a : DisplayUart2.c.obj (.data.DisplayUart2Ansi_escClearScreen)
                  200027bf    00000001     devinfoservice.o (.data.devInfoFirmwareRevProps)
                  200027c0    00000004     drivers_cc13x2.a : PowerCC26X2.c.obj (.data.PowerCC26X2_rtcSubSecInc)
                  200027c4    00000004     rf_multiMode_cc13x2.a : RFCC26X2_multiMode.c.cc13x2.ticlang.o (.data.RF_fsmActiveState.lfClockSourceLast)
                  200027c8    00000004     libc.a : aeabi_portable.c.obj (.data.__aeabi_errno)
                  200027cc    00000004            : _lock.c.obj (.data._lock)
                  200027d0    00000004            : _lock.c.obj (.data._unlock)
                  200027d4    00000004     ble_user_config.o (.data.appAssertCback)
                  200027d8    00000004     board_key.o (.data.appKeyChangeHandler)
                  200027dc    00000004     ble_user_config_stack.o (.data.icallServiceTblPtr)
                  200027e0    00000004     icall_api_lite.o (.data.pRfErrCb)
                  200027e4    00000004     icall_api_lite.o (.data.pfnBMAlloc)
                  200027e8    00000004     icall_api_lite.o (.data.pfnBMFree)
                  200027ec    00000004     OneLib.a : ll_slave_end_causes.o (.data)
                  200027f0    00000004     StackWrapper.a : hal_assert.o (.data)
                  200027f4    00000001     devinfoservice.o (.data.devInfoHardwareRevProps)
                  200027f5    00000001     devinfoservice.o (.data.devInfoMfrNameProps)
                  200027f6    00000001     devinfoservice.o (.data.devInfoModelNumberProps)
                  200027f7    00000001     devinfoservice.o (.data.devInfoPnpIdProps)
                  200027f8    00000001     devinfoservice.o (.data.devInfoSerialNumberProps)
                  200027f9    00000001     devinfoservice.o (.data.devInfoSoftwareRevProps)
                  200027fa    00000001     devinfoservice.o (.data.devInfoSystemIdProps)
                  200027fb    00000001     drivers_cc13x2.a : GPIOCC26X2.c.obj (.data.initCalled)
                  200027fc    00000001                      : AESCCMCC26XX.c.obj (.data.isInitialized)
                  200027fd    00000001                      : AESCTRDRBGXX.c.obj (.data.isInitialized)
                  200027fe    00000001                      : AESECBCC26XX.c.obj (.data.isInitialized)
                  200027ff    00000001                      : CryptoResourceCC26XX.c.obj (.data.isInitialized)
                  20002800    00000001                      : ECDHCC26X2.c.obj (.data.isInitialized)
                  20002801    00000001                      : NVS.c.obj (.data.isInitialized)
                  20002802    00000001                      : PKAResourceCC26XX.c.obj (.data.isInitialized)
                  20002803    00000001     simple_gatt_profile.o (.data.simpleProfileChar1Props)
                  20002804    00000001     simple_gatt_profile.o (.data.simpleProfileChar2Props)
                  20002805    00000001     simple_gatt_profile.o (.data.simpleProfileChar3Props)
                  20002806    00000001     simple_gatt_profile.o (.data.simpleProfileChar4Props)
                  20002807    00000001     simple_gatt_profile.o (.data.simpleProfileChar5Props)
                  20002808    00000001     OneLib.a : gapgattserver.o (.data)
                  20002809    00000001              : gapgattserver.o (.data)
                  2000280a    00000001              : gapgattserver.o (.data)
                  2000280b    00000001              : gapgattserver.o (.data)
                  2000280c    00000001              : gapgattserver.o (.data)
                  2000280d    00000001              : gapgattserver.o (.data)
                  2000280e    00000001              : gattservapp.o (.data)
                  2000280f    00000001              : gattservapp.o (.data)
                  20002810    00000001              : ll.o (.data)
                  20002811    00000001              : ll_ae.o (.data)
                  20002812    00000001              : ll_data.o (.data)
                  20002813    00000001              : ll_scheduler.o (.data)
                  20002814    00000001              : sm_task.o (.data)
                  20002815    00000001     StackWrapper.a : gap.o (.data)
                  20002816    00000001                    : gap.o (.data)
                  20002817    00000001                    : hal_assert.o (.data)

.bss       0    20002818    0000195e     UNINITIALIZED
                  20002818    00000400     (.common:spTaskStack)
                  20002c18    00000300     (.common:ti_sysbios_knl_Idle_taskStack)
                  20002f18    000002c0     rf_multiMode_cc13x2.a : RFCC26X2_multiMode.c.cc13x2.ticlang.o (.bss.RF_cmdPool)
                  200031d8    00000170     (.common:uart2CC26X2Objects)
                  20003348    00000100     OneLib.a : ll.o (.bss)
                  20003448    000000d8     (.common:ti_sysbios_family_arm_m3_Hwi_dispatchTable)
                  20003520    000000c0     simple_peripheral.o (.bss.connList)
                  200035e0    000000a4     (.common:aesctrdrbgXXObjects)
                  20003684    00000084     (.common:trngCC26XXObjects)
                  20003708    00000080     ti_drivers_config.o (.bss.displayUART2Buffer)
                  20003788    0000007c     (.common:gpioCallbackFunctions)
                  20003804    0000007c     (.common:gpioUserArgs)
                  20003880    00000078     StackWrapper.a : osal_cbtimer.o (.bss)
                  200038f8    00000068     rf_multiMode_cc13x2.a : RFCC26X2_multiMode.c.cc13x2.ticlang.o (.bss.RF_ratModule)
                  20003960    00000060     (.common:ti_sysbios_knl_ClockSupport_timerStruct)
                  200039c0    00000058     (.common:spTask)
                  20003a18    00000058     (.common:ti_sysbios_knl_Idle_taskStruct)
                  20003a70    00000050     (.common:CryptoResourceCC26XX_accessSemaphore)
                  20003ac0    00000050     (.common:CryptoResourceCC26XX_operationSemaphore)
                  20003b10    00000050     (.common:PKAResourceCC26XX_accessSemaphore)
                  20003b60    00000050     (.common:PKAResourceCC26XX_operationSemaphore)
                  20003bb0    00000048     icall.o (.bss.ICall_entities)
                  20003bf8    00000044     rf_multiMode_cc13x2.a : RFCC26X2_multiMode.c.cc13x2.ticlang.o (.bss.RF_clkInactivityObj)
                  20003c3c    00000044                           : RFCC26X2_multiMode.c.cc13x2.ticlang.o (.bss.RF_clkPowerUpObj)
                  20003c80    0000003c                           : RFCC26X2_multiMode.c.cc13x2.ticlang.o (.bss.RF_swiHwObj)
                  20003cbc    0000003c     StackWrapper.a : osal_snv_wrapper.o (.bss)
                  20003cf8    00000030     (.common:ti_sysbios_knl_Swi_readyQs)
                  20003d28    00000030     (.common:ti_sysbios_knl_Task_readyQs)
                  20003d58    0000002e     (.common:NVOCMP_nvHandle)
                  20003d86    00000002     OneLib.a : gapgattserver.o (.bss)
                  20003d88    00000028     (.common:aesecbCC26XXObjects)
                  20003db0    00000024     ti_sysbios_config.o (.bss.clockStruct)
                  20003dd4    00000024     OneLib.a : ll.o (.bss)
                  20003df8    00000020     ti_drivers_config.o (.bss.uart2RxRingBuffer0)
                  20003e18    00000020     ti_drivers_config.o (.bss.uart2TxRingBuffer0)
                  20003e38    00000020     OneLib.a : gattservapp.o (.bss)
                  20003e58    00000020     StackWrapper.a : gapbondmgr.o (.bss)
                  20003e78    00000020                    : gapbondmgr.o (.bss)
                  20003e98    00000020     (.common:ecdhCC26X2Objects)
                  20003eb8    00000020     (.common:ti_sysbios_runtime_System_atexitHandlers)
                  20003ed8    00000020     (.common:udmaCC26XXObject)
                  20003ef8    0000001c     drivers_cc13x2.a : GPIOCC26X2.c.obj (.bss.gpioHwi)
                  20003f14    0000001c     (.common:BIOS_heapCallbackObject)
                  20003f30    0000001c     (.common:BIOS_rtsGate)
                  20003f4c    0000001c     (.common:CryptoResourceCC26XX_hwi)
                  20003f68    0000001c     (.common:PKAResourceCC26XX_hwi)
                  20003f84    00000018     OneLib.a : gapgattserver.o (.bss)
                  20003f9c    00000018     (.common:aesccmCC26XXObjects)
                  20003fb4    00000014     drivers_cc13x2.a : Random.c.obj (.bss.state)
                  20003fc8    00000014     (.common:spMenuAutoConnect)
                  20003fdc    00000014     (.common:spMenuConnPhy)
                  20003ff0    00000014     (.common:spMenuMain)
                  20004004    00000014     (.common:spMenuPerConn)
                  20004018    00000014     (.common:spMenuSelectConn)
                  2000402c    00000014     (.common:ti_sysbios_hal_Seconds_Module_state)
                  20004040    0000000f     util.o (.bss.Util_convertBdAddr2Str.str)
                  2000404f    00000001     OneLib.a : gap_scanner.o (.bss)
                  20004050    0000000c              : ll.o (.bss)
                  2000405c    0000000c              : ll.o (.bss)
                  20004068    0000000c              : ll_scheduler.o (.bss)
                  20004074    0000000c     (.common:displayUart2Object)
                  20004080    0000000a     (.common:name)
                  2000408a    00000002              : ll.o (.bss)
                  2000408c    00000008     simple_peripheral.o (.bss.setPhyCommStatList)
                  20004094    00000008     OneLib.a : ll.o (.bss)
                  2000409c    00000008              : ll.o (.bss)
                  200040a4    00000008              : ll_ae.o (.bss)
                  200040ac    00000008     StackWrapper.a : gapbondmgr.o (.bss)
                  200040b4    00000006     (.common:ieeeAddress)
                  200040ba    00000002     OneLib.a : ll_slave_end_causes.o (.bss)
                  200040bc    00000004     simple_peripheral.o (.bss.SimplePeripheral_menuSwitchCb.pAddrs)
                  200040c0    00000004     drivers_cc13x2.a : ECDHCC26X2.c.obj (.bss.resultPKAMemAddr)
                  200040c4    00000004     simple_gatt_profile.o (.bss.simpleProfileChar4Config)
                  200040c8    00000004     OneLib.a : gapgattserver.o (.bss)
                  200040cc    00000004              : gatt_client.o (.bss)
                  200040d0    00000004              : gattservapp.o (.bss)
                  200040d4    00000004              : linkdb.o (.bss)
                  200040d8    00000004              : linkdb.o (.bss)
                  200040dc    00000004              : ll.o (.bss)
                  200040e0    00000004              : ll.o (.bss)
                  200040e4    00000004              : ll.o (.bss)
                  200040e8    00000004              : ll.o (.bss)
                  200040ec    00000004              : ll.o (.bss)
                  200040f0    00000004              : ll_ae.o (.bss)
                  200040f4    00000004              : ll_common.o (.bss)
                  200040f8    00000004              : ll_enc.o (.bss)
                  200040fc    00000004              : ll_privacy.o (.bss)
                  20004100    00000004              : ll_scheduler.o (.bss)
                  20004104    00000004     StackWrapper.a : gapbondmgr.o (.bss)
                  20004108    00000004                    : gapbondmgr.o (.bss)
                  2000410c    00000004                    : osal.o (.bss)
                  20004110    00000004                    : osal.o (.bss)
                  20004114    00000004                    : osal.o (.bss)
                  20004118    00000004                    : osal.o (.bss)
                  2000411c    00000004                    : osal.o (.bss)
                  20004120    00000004                    : osal.o (.bss)
                  20004124    00000004                    : osal_bufmgr.o (.bss)
                  20004128    00000004                    : osal_bufmgr.o (.bss)
                  2000412c    00000004                    : osal_clock.o (.bss)
                  20004130    00000004                    : osal_clock.o (.bss)
                  20004134    00000004                    : osal_timers.o (.bss)
                  20004138    00000004                    : osal_timers.o (.bss)
                  2000413c    00000004                    : osal_timers.o (.bss)
                  20004140    00000004     (.common:HEAPMGR_SIZE)
                  20004144    00000004     (.common:PowerCC26XX_swiKey)
                  20004148    00000004     (.common:PowerCC26XX_taskKey)
                  2000414c    00000004     (.common:tasksEvents)
                  20004150    00000004     (.common:ti_sysbios_family_arm_cc26xx_TimestampProvider_Module_state)
                  20004154    00000004     (.common:ti_sysbios_knl_Task_defaultStackHeap)
                  20004158    00000002                    : osal_pwrmgr.o (.bss)
                  2000415a    00000001     OneLib.a : gapgattserver.o (.bss)
                  2000415b    00000001              : gattservapp.o (.bss)
                  2000415c    00000001              : hci_tl.o (.bss)
                  2000415d    00000001              : hci_tl.o (.bss)
                  2000415e    00000001              : hci_tl.o (.bss)
                  2000415f    00000001              : hci_tl.o (.bss)
                  20004160    00000001              : hci_tl.o (.bss)
                  20004161    00000001              : hci_tl.o (.bss)
                  20004162    00000001              : ll.o (.bss)
                  20004163    00000001              : ll.o (.bss)
                  20004164    00000001              : ll.o (.bss)
                  20004165    00000001              : ll.o (.bss)
                  20004166    00000001              : ll_ae.o (.bss)
                  20004167    00000001              : ll_config.o (.bss)
                  20004168    00000001              : ll_config.o (.bss)
                  20004169    00000001              : ll_enc.o (.bss)
                  2000416a    00000001              : ll_isr.o (.bss)
                  2000416b    00000001              : sm_task.o (.bss)
                  2000416c    00000001     StackWrapper.a : ble_dispatch_lite.o (.bss)
                  2000416d    00000001                    : gapbondmgr.o (.bss)
                  2000416e    00000001                    : gapbondmgr.o (.bss)
                  2000416f    00000001                    : hal_assert.o (.bss)
                  20004170    00000001                    : osal.o (.bss)
                  20004171    00000001                    : osal_pwrmgr.o (.bss)
                  20004172    00000001     (.common:NVOCMP_size)
                  20004173    00000001     (.common:gAction)
                  20004174    00000001     (.common:nvsCC26XXObjects)
                  20004175    00000001     (.common:tbmRowItemLast)

.vtable    0    20004176    00000000     UNINITIALIZED

.vtable_ram 
*          0    20004176    00000000     UNINITIALIZED

vtable_ram 
*          0    20004176    00000000     UNINITIALIZED

.sysmem    0    20004176    00000000     UNINITIALIZED

.nonretenvar 
*          0    20004176    00000000     UNINITIALIZED

.ramVecs   0    20004200    000000d8     UNINITIALIZED
                  20004200    000000d8     ti_sysbios_config.o (.ramVecs)

.stack     0    20013c00    00000400     UNINITIALIZED
                  20013c00    00000004     sysbios.a : boot_cortex_m.c.obj (.stack)
                  20013c04    000003fc     --HOLE--

.TI.bound:flashBuf0 
*          0    00048000    00004000     UNINITIALIZED
                  00048000    00004000     ti_drivers_config.o (.TI.bound:flashBuf0)

.TI.bound:dmaUart0RxControlTableEntry 
*          0    20001810    00000010     UNINITIALIZED
                  20001810    00000010     ti_drivers_config.o (.TI.bound:dmaUart0RxControlTableEntry)

.TI.bound:dmaUart0TxControlTableEntry 
*          0    20001820    00000010     UNINITIALIZED
                  20001820    00000010     ti_drivers_config.o (.TI.bound:dmaUart0TxControlTableEntry)

.text      0    00000040    0001c450     
                  00000040    00000d44     simple_peripheral.o (.text.SimplePeripheral_taskFxn)
                  00000d84    00000b44     StackWrapper.a : gapbondmgr.o (.text)
                  000018c8    0000074c     OneLib.a : ll_adv_end_causes.o (.text)
                  00002014    00000700     StackWrapper.a : gapbondmgr.o (.text)
                  00002714    00000510     OneLib.a : ble.o (.text)
                  00002c24    000004f0              : ll_ae.o (.text)
                  00003114    00000498              : ll_isr.o (.text)
                  000035ac    00000490     rf_multiMode_cc13x2.a : RFCC26X2_multiMode.c.cc13x2.ticlang.o (.text.RF_fsmActiveState)
                  00003a3c    00000458     OneLib.a : ll.o (.text)
                  00003e94    00000458              : ll_slave_end_causes.o (.text)
                  000042ec    0000042c              : ll_slave_end_causes.o (.text)
                  00004718    00000424              : ll_scheduler.o (.text)
                  00004b3c    000003ac              : ll_scheduler.o (.text)
                  00004ee8    0000034c     ti_sysbios_config.o (.text.ti_sysbios_runtime_System_doPrint)
                  00005234    0000033e     OneLib.a : ll_ae.o (.text)
                  00005572    00000002     ti_sysbios_config.o (.text.BIOS_nullFunc)
                  00005574    0000033c     OneLib.a : ll_ae.o (.text)
                  000058b0    000002b0     StackWrapper.a : gapbondmgr.o (.text)
                  00005b60    000002ac     OneLib.a : ll.o (.text)
                  00005e0c    000002a8     nvocmp.o (.text.NVOCMP_initNvApi)
                  000060b4    000002a8     rf_multiMode_cc13x2.a : RFCC26X2_multiMode.c.cc13x2.ticlang.o (.text.RF_open)
                  0000635c    00000284     nvocmp.o (.text.NVOCMP_compactPage)
                  000065e0    00000278     OneLib.a : ll_ae.o (.text)
                  00006858    0000025c     StackWrapper.a : gapbondmgr.o (.text)
                  00006ab4    00000258     OneLib.a : ll_isr.o (.text)
                  00006d0c    00000254              : ll_data.o (.text)
                  00006f60    00000250              : ll_isr.o (.text)
                  000071b0    0000024c     nvocmp.o (.text.NVOCMP_addItem)
                  000073fc    00000234     OneLib.a : ll_common.o (.text)
                  00007630    00000220     drivers_cc13x2.a : ECDHCC26X2.c.obj (.text.ECDHCC26X2_hwiFxn)
                  00007850    00000218     OneLib.a : gattservapp.o (.text)
                  00007a68    00000204     icall.o (.text.ICall_waitMatch)
                  00007c6c    000001f4     OneLib.a : ll.o (.text)
                  00007e60    000001f0     drivers_cc13x2.a : UART2CC26X2.c.obj (.text.UART2CC26X2_hwiIntFxn)
                  00008050    000001e8     rf_multiMode_cc13x2.a : RFCC26X2_multiMode.c.cc13x2.ticlang.o (.text.RF_scheduleCmd)
                  00008238    000001e0     StackWrapper.a : osal.o (.text)
                  00008418    000001dc     rf_multiMode_cc13x2.a : RFCC26X2_multiMode.c.cc13x2.ticlang.o (.text.RF_dispatchNextCmd)
                  000085f4    000001bc     ble_user_config_stack.o (.text.setBleUserConfig)
                  000087b0    000001bc     OneLib.a : ll_scheduler.o (.text)
                  0000896c    000001b6     libclang_rt.builtins.a : adddf3.S.obj (.text.adddf3_subdf3)
                  00008b22    00000002     ti_drivers_config.o (.text.Board_initHook)
                  00008b24    000001a4     OneLib.a : ll_isr.o (.text)
                  00008cc8    000001a0     drivers_cc13x2.a : AESECBCC26XX.c.obj (.text.AESECB_addDataInternal)
                  00008e68    0000019c     OneLib.a : ll_common.o (.text)
                  00009004    00000196              : ll_common.o (.text)
                  0000919a    00000002     ble_user_config.o (.text.DefaultAssertCback)
                  0000919c    00000194     drivers_cc13x2.a : PowerCC26X2_calibrateRCOSC.c.obj (.text.PowerCC26X2_auxISR)
                  00009330    0000018c                      : UART2CC26X2.c.obj (.text.UART2_open)
                  000094bc    0000018c     OneLib.a : gap_task.o (.text)
                  00009648    0000018c              : ll_ae.o (.text)
                  000097d4    00000188     drivers_cc13x2.a : AESCCMCC26XX.c.obj (.text.AESCCM_startOperation)
                  0000995c    00000184     OneLib.a : ll_scheduler.o (.text)
                  00009ae0    0000017c     drivers_cc13x2.a : ECDHCC26X2.c.obj (.text.ECDH_computeSharedSecret)
                  00009c5c    00000178     OneLib.a : gattservapp.o (.text)
                  00009dd4    0000016c     drivers_cc13x2.a : UART2.c.obj (.text.UART2_writeTimeoutBlocking)
                  00009f40    0000016c     OneLib.a : ll_ae.o (.text)
                  0000a0ac    00000158     drivers_cc13x2.a : AESCTRCC26XX.c.obj (.text.AESCTR_processData)
                  0000a204    00000158                      : PowerCC26X2.c.obj (.text.Power_sleep)
                  0000a35c    00000154     simple_peripheral_menu.o (.text.SimplePeripheral_buildMenu)
                  0000a4b0    00000154     OneLib.a : ll_common.o (.text)
                  0000a604    00000150              : ll_ae.o (.text)
                  0000a754    00000150              : ll_isr.o (.text)
                  0000a8a4    0000014c     rf_multiMode_cc13x2.a : RFCC26X2_multiMode.c.cc13x2.ticlang.o (.text.RF_radioOpDoneCb)
                  0000a9f0    00000144     ti_sysbios_config.o (.text.ti_sysbios_runtime_System_printfExtend)
                  0000ab34    00000144     OneLib.a : gattservapp.o (.text)
                  0000ac78    00000144     StackWrapper.a : osal.o (.text)
                  0000adbc    00000140                    : gap.o (.text)
                  0000aefc    00000138     rf_multiMode_cc13x2.a : RFCC26X2_multiMode.c.cc13x2.ticlang.o (.text.RF_abortCmd)
                  0000b034    00000134                           : RFCC26X2_multiMode.c.cc13x2.ticlang.o (.text.RF_ratSetupChannel)
                  0000b168    00000130     OneLib.a : l2cap_util.o (.text)
                  0000b298    0000012c     rf_multiMode_cc13x2.a : RFCC26X2_multiMode.c.cc13x2.ticlang.o (.text.RF_close)
                  0000b3c4    0000012c     drivers_cc13x2.a : TRNGCC26XX.c.obj (.text.TRNGCC26XX_hwiFxn)
                  0000b4f0    00000128     OneLib.a : ll_isr.o (.text)
                  0000b618    00000124     rf_multiMode_cc13x2.a : RFCC26X2_multiMode.c.cc13x2.ticlang.o (.text.RF_fsmSetupState)
                  0000b73c    00000120     nvocmp.o (.text.NVOCMP_findItem)
                  0000b85c    00000120     ti_sysbios_config.o (.text.ti_sysbios_family_arm_cc26xx_Timer_construct)
                  0000b97c    00000120     OneLib.a : ll_data.o (.text)
                  0000ba9c    0000011c     sysbios.a : Hwi_asm_gcc.s.obj (.text.ti_sysbios_family_arm_m3_Hwi_dispatch)
                  0000bbb8    00000118     drivers_cc13x2.a : PowerCC26X2.c.obj (.text.Power_init)
                  0000bcd0    00000118     rf_multiMode_cc13x2.a : RFCC26X2_multiMode.c.cc13x2.ticlang.o (.text.RF_decodeOverridePointers)
                  0000bde8    00000118     drivers_cc13x2.a : UART2.c.obj (.text.UART2_writeTimeoutNonblocking)
                  0000bf00    00000114     OneLib.a : ll_common.o (.text)
                  0000c014    0000010c     main.o (.text.AssertHandler)
                  0000c120    0000010c     drivers_cc13x2.a : ECDHCC26X2.c.obj (.text.ECDH_generatePublicKey)
                  0000c22c    0000010c                      : PowerCC26X2_calibrateRCOSC.c.obj (.text.PowerCC26X2_calibrate)
                  0000c338    00000108                      : NVSCC26XX.c.obj (.text.NVSCC26XX_write)
                  0000c440    00000108     rf_multiMode_cc13x2.a : RFCC26X2_multiMode.c.cc13x2.ticlang.o (.text.RF_fsmPowerUpState)
                  0000c548    00000106     OneLib.a : gatt_client.o (.text)
                  0000c64e    00000002     display_cc13x2.a : DisplayUart2.c.obj (.text.DisplayUart2Ansi_init)
                  0000c650    00000104     drivers_cc13x2.a : UART2CC26X2.c.obj (.text.UART2CC26X2_initHw)
                  0000c754    00000102                      : AESCTRDRBGXX.c.obj (.text.AESCTRDRBG_getRandomBytes)
                  0000c856    00000002     rom_init.o (.text.MAP_HCI_CteRequestFailedEvent)
                  0000c858    00000100     drivers_cc13x2.a : GPIOCC26X2.c.obj (.text.GPIO_init)
                  0000c958    000000fc     rf_multiMode_cc13x2.a : RFCC26X2_multiMode.c.cc13x2.ticlang.o (.text.RF_hwiCpe0Active)
                  0000ca54    000000fc     libclang_rt.builtins.a : muldf3.S.obj (.text.__muldf3)
                  0000cb50    000000fc     OneLib.a : ll_scheduler.o (.text)
                  0000cc4c    000000f8              : ll_scheduler.o (.text)
                  0000cd44    000000f8              : sm_rsppairing.o (.text)
                  0000ce3c    000000f4     drivers_cc13x2.a : TRNGCC26XX.c.obj (.text.TRNG_getRandom)
                  0000cf30    000000f0                      : UART2CC26X2.c.obj (.text.UART2Support_dmaStartRx)
                  0000d020    000000f0     OneLib.a : ll_ae.o (.text)
                  0000d110    000000ec              : gap_advertiser.o (.text)
                  0000d1fc    000000ec              : ll_common.o (.text)
                  0000d2e8    000000ec              : ll_common.o (.text)
                  0000d3d4    000000e8     drivers_cc13x2.a : AESCTRDRBGXX.c.obj (.text.AESCTRDRBG_construct)
                  0000d4bc    000000e8     simple_peripheral.o (.text.SimplePeripheral_doAutoConnect)
                  0000d5a4    000000e6     OneLib.a : gapgattserver.o (.text)
                  0000d68a    00000002     rom_init.o (.text.MAP_LL_SDAA_HandleSDAALastCmdDone)
                  0000d68c    000000e4     ti_sysbios_config.o (.text.ti_sysbios_knl_Semaphore_pend)
                  0000d770    000000e2     OneLib.a : ll_ae.o (.text)
                  0000d852    00000002     rom_init.o (.text.MAP_LL_SDAA_Init)
                  0000d854    000000e0     driverlib.lib : sys_ctrl.c.obj (.text.NOROM_SysCtrlStandby)
                  0000d934    000000e0     simple_peripheral.o (.text.SimplePeripheral_menuSwitchCb)
                  0000da14    000000e0     ti_sysbios_config.o (.text.ti_sysbios_knl_Event_pend)
                  0000daf4    000000e0     OneLib.a : ll.o (.text)
                  0000dbd4    000000e0              : ll_scheduler.o (.text)
                  0000dcb4    000000e0     StackWrapper.a : osal_timers.o (.text)
                  0000dd94    000000dc     rf_multiMode_cc13x2.a : RFCC26X2_multiMode.c.cc13x2.ticlang.o (.text.RF_control)
                  0000de70    000000dc     OneLib.a : ll_ae.o (.text)
                  0000df4c    000000d8     devinfoservice.o (.text.DevInfo_SetParameter)
                  0000e024    000000d8     ti_ble_config.o (.text.setBondManagerParameters)
                  0000e0fc    000000d8     ti_sysbios_config.o (.text.ti_sysbios_family_arm_m3_Hwi_excFillContext)
                  0000e1d4    000000d8     OneLib.a : ll_common.o (.text)
                  0000e2ac    000000d6     drivers_cc13x2.a : AESCTRDRBGXX.c.obj (.text.AESCTRDRBG_reseed)
                  0000e382    00000002     rom_init.o (.text.MAP_LL_SDAA_RecordTxUsage)
                  0000e384    000000d0     driverlib.lib : aes.c.obj (.text.NOROM_AESWriteToKeyStore)
                  0000e454    000000d0                   : setup.c.obj (.text.NOROM_SetupTrimDevice)
                  0000e524    000000d0     drivers_cc13x2.a : PowerCC26X2.c.obj (.text.configureXOSCHF)
                  0000e5f4    000000cc     ti_sysbios_config.o (.text.ti_sysbios_knl_Clock_workFuncDynamic)
                  0000e6c0    000000cc     OneLib.a : gapgattserver.o (.text)
                  0000e78c    000000cc              : hci_event.o (.text)
                  0000e858    000000ca     rf_multiMode_cc13x2.a : RFCC26X2_multiMode.c.cc13x2.ticlang.o (.text.RF_updatePaConfiguration)
                  0000e922    00000002     rom_init.o (.text.MAP_LL_SDAA_SampleRXWindow)
                  0000e924    000000c8     ti_sysbios_config.o (.text.clock_gettime)
                  0000e9ec    000000c8     OneLib.a : gap_scanner.o (.text)
                  0000eab4    000000c8              : ll.o (.text)
                  0000eb7c    000000c8              : ll_isr.o (.text)
                  0000ec44    000000c8     StackWrapper.a : osal.o (.text)
                  0000ed0c    000000c4     OneLib.a : ll_ae.o (.text)
                  0000edd0    000000c0     icall.o (.text.ICall_enrollService)
                  0000ee90    000000c0     drivers_cc13x2.a : UART2CC26X2.c.obj (.text.UART2Support_dmaStartTx)
                  0000ef50    000000c0     OneLib.a : ble.o (.text)
                  0000f010    000000c0              : ll_ae.o (.text)
                  0000f0d0    000000c0              : ll_ecc.o (.text)
                  0000f190    000000c0              : ll_scheduler.o (.text)
                  0000f250    000000bc     rf_multiMode_cc13x2.a : RFCC26X2_multiMode.c.cc13x2.ticlang.o (.text.RF_swiHw)
                  0000f30c    000000bc     simple_peripheral.o (.text.SimplePeripheral_processParamUpdate)
                  0000f3c8    000000b8     devinfoservice.o (.text.devInfo_ReadAttrCB)
                  0000f480    000000b8     ti_sysbios_config.o (.text.ti_sysbios_knl_Task_Instance_finalize)
                  0000f538    000000b8     ti_sysbios_config.o (.text.ti_sysbios_knl_Task_setPri)
                  0000f5f0    000000b8     OneLib.a : gap_scanner.o (.text)
                  0000f6a8    000000b8              : ll.o (.text)
                  0000f760    000000b8              : ll_slave_end_causes.o (.text)
                  0000f818    000000b8     StackWrapper.a : gapbondmgr.o (.text)
                  0000f8d0    000000b8                    : gattservapp_util.o (.text)
                  0000f988    000000b4     drivers_cc13x2.a : ECDHCC26X2.c.obj (.text.ECDHCC26X2_getKeyResult)
                  0000fa3c    000000b4     ti_sysbios_config.o (.text.PowerCC26XX_standbyPolicy)
                  0000faf0    000000b0     drivers_cc13x2.a : GPIOCC26XX.c.obj (.text.GPIO_setConfigAndMux)
                  0000fba0    000000b0     icall.o (.text.ICall_heapMalloc)
                  0000fc50    000000b0     drivers_cc13x2.a : PowerCC26X2.c.obj (.text.Power_setDependency)
                  0000fd00    000000b0     simple_peripheral.o (.text.SimplePeripheral_doSetConnPhy)
                  0000fdb0    000000b0     driverlib.lib : setup.c.obj (.text.TrimAfterColdResetWakeupFromShutDown)
                  0000fe60    000000b0     OneLib.a : ll_enc.o (.text)
                  0000ff10    000000b0     StackWrapper.a : gapbondmgr.o (.text)
                  0000ffc0    000000b0                    : gattservapp_util.o (.text)
                  00010070    000000b0     libclang_rt.builtins.a : udivmoddi4.S.obj (.text)
                  00010120    000000ac     drivers_cc13x2.a : PowerCC26X2.c.obj (.text.Power_releaseDependency)
                  000101cc    000000ac     rf_multiMode_cc13x2.a : RFCC26X2_multiMode.c.cc13x2.ticlang.o (.text.RF_pendCmd)
                  00010278    000000ac     StackWrapper.a : gapbondmgr.o (.text)
                  00010324    000000ac                    : osal_cbtimer.o (.text)
                  000103d0    000000a8     OneLib.a : gattservapp.o (.text)
                  00010478    000000a8              : hci_data.o (.text)
                  00010520    000000a8              : ll.o (.text)
                  000105c8    000000a8              : ll_common.o (.text)
                  00010670    000000a4     drivers_cc13x2.a : AESCTRCC26XX.c.obj (.text.AESCTR_startOneStepOperation)
                  00010714    000000a4     icall.o (.text.ICall_wait)
                  000107b8    000000a4     rf_multiMode_cc13x2.a : RFCC26X2_multiMode.c.cc13x2.ticlang.o (.text.RF_initRadioSetup)
                  0001085c    000000a4     ti_sysbios_config.o (.text.ti_sysbios_knl_Task_Instance_init)
                  00010900    000000a4     OneLib.a : ll_ae.o (.text)
                  000109a4    000000a0     rf_multiMode_cc13x2.a : RFCC26X2_multiMode.c.cc13x2.ticlang.o (.text.RF_calculateDispatchTime)
                  00010a44    000000a0     OneLib.a : ll_common.o (.text)
                  00010ae4    000000a0              : ll_ecc.o (.text)
                  00010b84    000000a0              : ll_isr.o (.text)
                  00010c24    000000a0              : ll_scheduler.o (.text)
                  00010cc4    000000a0              : ll_scheduler.o (.text)
                  00010d64    0000009c     display_cc13x2.a : DisplayUart2.c.obj (.text.DisplayUart2Ansi_clearLines)
                  00010e00    0000009c     OneLib.a : ll_common.o (.text)
                  00010e9c    0000009a     drivers_cc13x2.a : UART2.c.obj (.text.UART2_writeCancel)
                  00010f36    00000002     rom_init.o (.text.MAP_llClearPeriodicAdvSets)
                  00010f38    00000098     nvocmp.o (.text.NVOCMP_erase)
                  00010fd0    00000098     rf_multiMode_cc13x2.a : RFCC26X2_multiMode.c.cc13x2.ticlang.o (.text.RF_defaultSubmitPolicy)
                  00011068    00000098     simple_peripheral.o (.text.SimplePeripheral_updatePHYStat)
                  00011100    00000098     drivers_cc13x2.a : UART2CC26X2.c.obj (.text.UART2_close)
                  00011198    00000098     OneLib.a : gatt_server.o (.text)
                  00011230    00000098              : gattservapp.o (.text)
                  000112c8    00000098              : hci_event.o (.text)
                  00011360    00000096     rf_multiMode_cc13x2.a : RFCC26X2_multiMode.c.cc13x2.ticlang.o (.text.RF_verifyGap)
                  000113f6    00000002     rom_init.o (.text.MAP_llClearPeriodicScanSets)
                  000113f8    00000094     rf_multiMode_cc13x2.a : RFCC26X2_multiMode.c.cc13x2.ticlang.o (.text.RF_ratRestartChannels)
                  0001148c    00000094     ti_sysbios_config.o (.text.ti_sysbios_knl_Clock_startI)
                  00011520    00000094     OneLib.a : ll.o (.text)
                  000115b4    00000094              : ll_common.o (.text)
                  00011648    00000092              : gap_task.o (.text)
                  000116da    00000002     rom_init.o (.text.MAP_llCoexInit)
                  000116dc    00000090     display_cc13x2.a : DisplayUart2.c.obj (.text.DisplayUart2Ansi_vprintf)
                  0001176c    00000090     osal_icall_ble.o (.text.osalInitTasks)
                  000117fc    00000090     OneLib.a : ll.o (.text)
                  0001188c    0000008c     simple_gatt_profile.o (.text.SimpleProfile_SetParameter)
                  00011918    0000008c     drivers_cc13x2.a : TRNGCC26XX.c.obj (.text.TRNG_construct)
                  000119a4    0000008c     ti_sysbios_config.o (.text.ti_sysbios_knl_Clock_init)
                  00011a30    0000008c     OneLib.a : ll_ae.o (.text)
                  00011abc    00000088     rf_multiMode_cc13x2.a : RFCC26X2_multiMode.c.cc13x2.ticlang.o (.text.RF_cmdDispatchTime)
                  00011b44    00000088                           : RFCC26X2_multiMode.c.cc13x2.ticlang.o (.text.RF_discardPendCmd)
                  00011bcc    00000088     OneLib.a : ll_isr.o (.text)
                  00011c54    00000088     StackWrapper.a : osal_cbtimer.o (.text)
                  00011cdc    00000084     icall.o (.text.ICall_setTimer)
                  00011d60    00000084     rf_multiMode_cc13x2.a : RFCC26X2_multiMode.c.cc13x2.ticlang.o (.text.RF_getInfo)
                  00011de4    00000084     ti_sysbios_config.o (.text._pthread_abstime2ticks)
                  00011e68    00000082     OneLib.a : ll_ae.o (.text)
                  00011eea    00000002     rom_init.o (.text.MAP_llCoexSetParams)
                  00011eec    00000080     drivers_cc13x2.a : AESCTRCC26XX.c.obj (.text.AESCTR_hwiFxn)
                  00011f6c    00000080                      : UART2CC26X2.c.obj (.text.UART2Support_dmaStopTx)
                  00011fec    00000080                      : NVSCC26XX.c.obj (.text.doErase)
                  0001206c    00000080     ti_sysbios_config.o (.text.ti_sysbios_family_arm_m3_Hwi_initNVIC)
                  000120ec    00000080     ti_sysbios_config.o (.text.ti_sysbios_gates_GateMutexPri_enter)
                  0001216c    00000080     OneLib.a : ll_common.o (.text)
                  000121ec    0000007e     nvocmp.o (.text.NVOCMP_readHeader)
                  0001226a    0000007e     OneLib.a : gap_task.o (.text)
                  000122e8    0000007c     rf_multiMode_cc13x2.a : RFCC26X2_multiMode.c.cc13x2.ticlang.o (.text.RF_ratDisableChannel)
                  00012364    0000007c     icall.o (.text.icall_directAPI)
                  000123e0    0000007c     two_btn_menu.o (.text.tbm_displayItemPage)
                  0001245c    0000007c     ti_sysbios_config.o (.text.ti_sysbios_family_arm_m3_Hwi_postInit)
                  000124d8    0000007c     OneLib.a : ll.o (.text)
                  00012554    0000007c              : ll.o (.text)
                  000125d0    0000007c     StackWrapper.a : gapbondmgr.o (.text)
                  0001264c    0000007a     drivers_cc13x2.a : AESCTRDRBGXX.c.obj (.text.AESCTRDRBGXX_updateState)
                  000126c6    0000007a     OneLib.a : gattservapp.o (.text)
                  00012740    00000078     board_key.o (.text.Board_initKeys)
                  000127b8    00000078     icall.o (.text.ICall_createRemoteTasksAtRuntime)
                  00012830    00000078     driverlib.lib : chipinfo.c.obj (.text.NOROM_ChipInfo_GetChipType)
                  000128a8    00000078                   : sys_ctrl.c.obj (.text.NOROM_SysCtrlSetRechargeBeforePowerDown)
                  00012920    00000078     drivers_cc13x2.a : NVSCC26XX.c.obj (.text.NVSCC26XX_open)
                  00012998    00000078     rf_multiMode_cc13x2.a : RFCC26X2_multiMode.c.cc13x2.ticlang.o (.text.RF_ratFreeChannel)
                  00012a10    00000078     simple_gatt_profile.o (.text.simpleProfile_WriteAttrCB)
                  00012a88    00000078     ti_sysbios_config.o (.text.ti_sysbios_knl_Task_postInit)
                  00012b00    00000078     OneLib.a : l2cap_task.o (.text)
                  00012b78    00000078              : ll_common.o (.text)
                  00012bf0    00000078     StackWrapper.a : osal_bufmgr.o (.text)
                  00012c68    00000076     OneLib.a : ll_common.o (.text)
                  00012cde    00000076     StackWrapper.a : gap.o (.text)
                  00012d54    00000074     icall.o (.text.ICall_heapInit)
                  00012dc8    00000074     icall.o (.text.ICall_sendServiceComplete)
                  00012e3c    00000074     nvocmp.o (.text.NVOCMP_readItemApi)
                  00012eb0    00000074     drivers_cc13x2.a : PowerCC26X2_calibrateRCOSC_helpers.c.obj (.text.PowerCC26X2_updateSubSecInc)
                  00012f24    00000074     rf_multiMode_cc13x2.a : RFCC26X2_multiMode.c.cc13x2.ticlang.o (.text.RF_hwiHw)
                  00012f98    00000074     ti_sysbios_config.o (.text.ti_sysbios_knl_Swi_restoreHwi)
                  0001300c    00000074     ti_sysbios_config.o (.text.ti_sysbios_knl_Task_startup)
                  00013080    00000074     OneLib.a : gap_linkmgr.o (.text)
                  000130f4    00000074              : gatt_server.o (.text)
                  00013168    00000074              : ll.o (.text)
                  000131dc    00000074              : ll_common.o (.text)
                  00013250    00000074              : ll_common.o (.text)
                  000132c4    00000074              : ll_enc.o (.text)
                  00013338    00000074     StackWrapper.a : osal_cbtimer.o (.text)
                  000133ac    00000070     drivers_cc13x2.a : AESCCMCC26XX.c.obj (.text.AESCCM_cleanup)
                  0001341c    00000070                      : AESCTRCC26XX.c.obj (.text.AESCTR_construct)
                  0001348c    00000070                      : AESECBCC26XX.c.obj (.text.AESECB_construct)
                  000134fc    00000070     icall_cc2650.o (.text.ICallPlatform_pwrUpdActivityCounter)
                  0001356c    00000070     ti_sysbios_config.o (.text.ti_sysbios_family_arm_m3_Hwi_Instance_init)
                  000135dc    00000070     ti_sysbios_config.o (.text.ti_sysbios_runtime_System_formatNum)
                  0001364c    00000070     OneLib.a : ll_ae.o (.text)
                  000136bc    00000070     StackWrapper.a : osal.o (.text)
                  0001372c    00000070     libc.a : copy_decompress_lzss.c.obj (.text:decompress:lzss)
                  0001379c    0000006e     libclang_rt.builtins.a : comparedf2.c.obj (.text.__gedf2)
                  0001380a    00000002     rom_init.o (.text.MAP_llCoexUpdateCounters)
                  0001380c    0000006e     libclang_rt.builtins.a : comparedf2.c.obj (.text.__ledf2)
                  0001387a    00000002     rom_init.o (.text.MAP_llDmmDynamicFree)
                  0001387c    0000006c     drivers_cc13x2.a : AESECBCC26XX.c.obj (.text.AESECB_hwiFxn)
                  000138e8    0000006c     nvocmp.o (.text.NVOCMP_eraseNvApi)
                  00013954    0000006c     nvocmp.o (.text.NVOCMP_writeItemApi)
                  000139c0    0000006c     rf_multiMode_cc13x2.a : RFCC26X2_multiMode.c.cc13x2.ticlang.o (.text.RF_issueRadioFreeCb)
                  00013a2c    0000006c     drivers_cc13x2.a : Random.c.obj (.text.Random_seedAutomatic)
                  00013a98    0000006c                      : PowerCC26X2.c.obj (.text.oscillatorISR)
                  00013b04    0000006c     ti_sysbios_config.o (.text.ti_sysbios_family_arm_m3_Hwi_dispatchC)
                  00013b70    0000006c     ti_sysbios_config.o (.text.ti_sysbios_hal_Seconds_getTime)
                  00013bdc    0000006c     OneLib.a : gap_linkmgr.o (.text)
                  00013c48    0000006c              : gatt_server.o (.text)
                  00013cb4    0000006c              : ll_isr.o (.text)
                  00013d20    0000006c              : ll_scheduler.o (.text)
                  00013d8c    00000068     rf_multiMode_cc13x2.a : RFCC26X2_multiMode.c.cc13x2.ticlang.o (.text.RF_detachOverrides)
                  00013df4    00000068     drivers_cc13x2.a : UART2CC26X2.c.obj (.text.UART2Support_dmaStopRx)
                  00013e5c    00000068     two_btn_menu.o (.text.tbm_displayItem)
                  00013ec4    00000068     ti_sysbios_config.o (.text.ti_sysbios_knl_Event_post)
                  00013f2c    00000068     ti_sysbios_config.o (.text.ti_sysbios_knl_Swi_run)
                  00013f94    00000068     OneLib.a : gap_task.o (.text)
                  00013ffc    00000068              : gattservapp.o (.text)
                  00014064    00000068              : gattservapp.o (.text)
                  000140cc    00000068              : ll.o (.text)
                  00014134    00000068              : ll_ae.o (.text)
                  0001419c    00000068              : ll_common.o (.text)
                  00014204    00000068     StackWrapper.a : osal_cbtimer.o (.text)
                  0001426c    00000066                    : icall_lite_translation.o (.text)
                  000142d2    00000002     rom_init.o (.text.MAP_llDmmSetThreshold)
                  000142d4    00000064     drivers_cc13x2.a : AESCCMCC26XX.c.obj (.text.AESCCM_hwiFxn)
                  00014338    00000064     display_cc13x2.a : DisplayUart2.c.obj (.text.DisplayUart2Ansi_open)
                  0001439c    00000064     icall.o (.text.ICall_send)
                  00014400    00000064     driverlib.lib : osc.c.obj (.text.NOROM_OSCHF_AttemptToSwitchToXosc)
                  00014464    00000064     drivers_cc13x2.a : PowerCC26X2_calibrateRCOSC.c.obj (.text.PowerCC26X2_initiateCalibration)
                  000144c8    00000064     rf_multiMode_cc13x2.a : RFCC26X2_multiMode.c.cc13x2.ticlang.o (.text.RF_attachOverrides)
                  0001452c    00000064                           : RFCC26X2_multiMode.c.cc13x2.ticlang.o (.text.RF_dispatchNextEvent)
                  00014590    00000064                           : RFCC26X2_multiMode.c.cc13x2.ticlang.o (.text.RF_hwiCpe0PowerFsm)
                  000145f4    00000064     drivers_cc13x2.a : UDMACC26XX.c.obj (.text.UDMACC26XX_open)
                  00014658    00000064     ti_sysbios_config.o (.text.ti_sysbios_gates_GateMutexPri_leave)
                  000146bc    00000064     ti_sysbios_config.o (.text.ti_sysbios_knl_Idle_init)
                  00014720    00000064     ti_sysbios_config.o (.text.ti_sysbios_knl_TaskSupport_buildTaskStack)
                  00014784    00000064     OneLib.a : gapgattserver.o (.text)
                  000147e8    00000064              : gattservapp.o (.text)
                  0001484c    00000064              : ll_common.o (.text)
                  000148b0    00000064              : ll_isr.o (.text)
                  00014914    00000064              : ll_scheduler.o (.text)
                  00014978    00000062     rf_multiMode_cc13x2.a : RFCC26X2_multiMode.c.cc13x2.ticlang.o (.text.RF_syncCb)
                  000149da    00000002     rom_init.o (.text.MAP_llHealthUpdate)
                  000149dc    00000062     libclang_rt.builtins.a : aeabi_dcmp.S.obj (.text.__aeabi_dcmp)
                  00014a3e    00000002     rom_init.o (.text.MAP_llMaster_TaskEnd)
                  00014a40    00000060     drivers_cc13x2.a : CryptoResourceCC26XX.c.obj (.text.CryptoResourceCC26XX_constructRTOSObjects)
                  00014aa0    00000060     nvocmp.o (.text.NVOCMP_checkItem)
                  00014b00    00000060     nvocmp.o (.text.NVOCMP_verifyCRC)
                  00014b60    00000060     drivers_cc13x2.a : PKAResourceCC26XX.c.obj (.text.PKAResourceCC26XX_constructRTOSObjects)
                  00014bc0    00000060     main.o (.text.main)
                  00014c20    00000060     osal_icall_ble.o (.text.stack_main)
                  00014c80    00000060     ti_sysbios_config.o (.text.ti_sysbios_knl_Clock_walkQueueDynamic)
                  00014ce0    00000060     ti_sysbios_config.o (.text.ti_sysbios_knl_Semaphore_post)
                  00014d40    00000060     ti_sysbios_config.o (.text.ti_sysbios_knl_Swi_schedule)
                  00014da0    00000060     OneLib.a : ll_ae.o (.text)
                  00014e00    00000060              : ll_common.o (.text)
                  00014e60    00000060              : ll_common.o (.text)
                  00014ec0    00000060              : ll_common.o (.text)
                  00014f20    00000060              : sm_pairing.o (.text)
                  00014f80    00000060     StackWrapper.a : gapbondmgr.o (.text)
                  00014fe0    00000060                    : osal_timers.o (.text)
                  00015040    0000005e     rf_multiMode_cc13x2.a : rfc.c.cc13x2.ticlang.o (.text.NOROM_RFCAnaDivTxOverride)
                  0001509e    0000005e     OneLib.a : ll_common.o (.text)
                  000150fc    0000005c     drivers_cc13x2.a : TRNGCC26XX.c.obj (.text.TRNGCC26XX_startTrng)
                  00015158    0000005c     simple_gatt_profile.o (.text.simpleProfile_ReadAttrCB)
                  000151b4    0000005c     OneLib.a : gap_configmgr.o (.text)
                  00015210    0000005c              : gap_perilinkmgr.o (.text)
                  0001526c    0000005c              : sm_intpairing.o (.text)
                  000152c8    0000005c              : sm_rsppairing.o (.text)
                  00015324    0000005c     StackWrapper.a : gapbondmgr.o (.text)
                  00015380    0000005a     OneLib.a : hci.o (.text)
                  000153da    00000002     rom_init.o (.text.MAP_llPeriodicAdv_PostProcess)
                  000153dc    00000058     drivers_cc13x2.a : ECDHCC26X2.c.obj (.text.ECDH_construct)
                  00015434    00000058     icall.o (.text.HEAPMGR_GETLARGESTFREEBUF)
                  0001548c    00000058     icall.o (.text.ICall_fetchMsg)
                  000154e4    00000058     icall.o (.text.ICall_registerApp)
                  0001553c    00000058     rf_multiMode_cc13x2.a : RFCC26X2_multiMode.c.cc13x2.ticlang.o (.text.RF_applyRfCorePatch)
                  00015594    00000058     drivers_cc13x2.a : TRNGCC26XX.c.obj (.text.TRNG_init)
                  000155ec    00000058     sysbios.a : Hwi_asm_switch_gcc.s.obj (.text.ti_sysbios_family_arm_m3_Hwi_initStacks)
                  00015644    00000058     OneLib.a : gap_scanner.o (.text)
                  0001569c    00000058              : ll_ae.o (.text)
                  000156f4    00000058              : ll_common.o (.text)
                  0001574c    00000058              : ll_enc.o (.text)
                  000157a4    00000058              : ll_isr.o (.text)
                  000157fc    00000058     StackWrapper.a : sm_ecc.o (.text)
                  00015854    00000056     drivers_cc13x2.a : StructRingBuf.c.obj (.text.StructRingBuf_put)
                  000158aa    00000056                      : UART2.c.obj (.text.UART2_readCancel)
                  00015900    00000056     StackWrapper.a : gapbondmgr.o (.text)
                  00015956    00000002     rom_init.o (.text.MAP_llProcessPeriodicScanRxFIFO)
                  00015958    00000054     drivers_cc13x2.a : AESCCMCC26XX.c.obj (.text.AESCCM_construct)
                  000159ac    00000054     nvocmp.o (.text.NVOCMP_compactNvApi)
                  00015a00    00000054     nvocmp.o (.text.NVOCMP_getDstPage)
                  00015a54    00000054     rf_multiMode_cc13x2.a : RFCC26X2_multiMode.c.cc13x2.ticlang.o (.text.RF_getCurrentTime)
                  00015aa8    00000054     simple_peripheral.o (.text.SimplePeripheral_updateRPA)
                  00015afc    00000054     util.o (.text.Util_constructClock)
                  00015b50    00000054     OneLib.a : hci_event.o (.text)
                  00015ba4    00000054              : linkdb.o (.text)
                  00015bf8    00000054              : ll.o (.text)
                  00015c4c    00000054              : ll_ae.o (.text)
                  00015ca0    00000054              : ll_ae.o (.text)
                  00015cf4    00000054              : ll_ae.o (.text)
                  00015d48    00000054              : ll_common.o (.text)
                  00015d9c    00000050     ti_drivers_config.o (.text.Board_shutDownExtFlash)
                  00015dec    00000050     display_cc13x2.a : Display.c.obj (.text.Display_doOpen)
                  00015e3c    00000050     icall.o (.text.ICall_newTask)
                  00015e8c    00000050     nvocmp.o (.text.NVOCMP_loadApiPtrsMin)
                  00015edc    00000050     rf_multiMode_cc13x2.a : RFCC26X2_multiMode.c.cc13x2.ticlang.o (.text.RF_wakeupNotification)
                  00015f2c    00000050     simple_gatt_profile.o (.text.SimpleProfile_AddService)
                  00015f7c    00000050     ti_sysbios_config.o (.text.ti_sysbios_knl_Swi_post)
                  00015fcc    00000050     ti_sysbios_config.o (.text.ti_sysbios_knl_Swi_runLoop)
                  0001601c    00000050     ti_sysbios_config.o (.text.ti_sysbios_knl_Task_schedule)
                  0001606c    00000050     OneLib.a : gattservapp.o (.text)
                  000160bc    00000050              : hci_tl.o (.text)
                  0001610c    00000050              : ll_common.o (.text)
                  0001615c    00000050              : ll_enc.o (.text)
                  000161ac    00000050              : ll_scheduler.o (.text)
                  000161fc    00000050     StackWrapper.a : osal.o (.text)
                  0001624c    00000050                    : osal_clock.o (.text)
                  0001629c    0000004e     drivers_cc13x2.a : AESECBCC26XX.c.obj (.text.AESECB_startOperation)
                  000162ea    0000004e     ti_drivers_config.o (.text.Board_sendExtFlashByte)
                  00016338    0000004e     nvocmp.o (.text.NVOCMP_readItem)
                  00016386    0000004e     StackWrapper.a : gap.o (.text)
                  000163d4    0000004e                    : gattservapp_util.o (.text)
                  00016422    00000002     rom_init.o (.text.MAP_llSetPeriodicSyncInfo)
                  00016424    0000004c     ti_sysbios_config.o (.text.BIOS_startFunc)
                  00016470    0000004c     driverlib.lib : chipinfo.c.obj (.text.NOROM_ChipInfo_GetHwRevision)
                  000164bc    0000004c     nvocmp.o (.text.NVOCMP_setItemInactive)
                  00016508    0000004c     drivers_cc13x2.a : NVSCC26XX.c.obj (.text.NVSCC26XX_init)
                  00016554    0000004c                      : NVSCC26XX.c.obj (.text.NVSCC26XX_read)
                  000165a0    0000004c     rf_multiMode_cc13x2.a : RFCC26X2_multiMode.c.cc13x2.ticlang.o (.text.RF_fsmXOSCState)
                  000165ec    0000004c     simple_peripheral.o (.text.SimplePeripheral_doSelectConn)
                  00016638    0000004c     drivers_cc13x2.a : StructRingBuf.c.obj (.text.StructRingBuf_get)
                  00016684    0000004c     rf_multiMode_cc13x2.a : rf_patch_cpe_bt5.c.cc13x2.ticlang.o (.text.configureBt5Patch)
                  000166d0    0000004c     drivers_cc13x2.a : PowerCC26X2.c.obj (.text.switchXOSCHF)
                  0001671c    0000004c     ti_sysbios_config.o (.text.ti_sysbios_knl_Swi_Instance_init)
                  00016768    0000004c     ti_sysbios_config.o (.text.ti_sysbios_runtime_Startup_exec)
                  000167b4    0000004c     OneLib.a : ble.o (.text)
                  00016800    0000004c              : ll_scheduler.o (.text)
                  0001684c    00000048     drivers_cc13x2.a : CryptoUtils.c.obj (.text.CryptoUtils_reverseCopyPad)
                  00016894    00000048     rom_init.o (.text.MAP_llInitFeatureSet)
                  000168dc    00000048     rf_multiMode_cc13x2.a : rfc.c.cc13x2.ticlang.o (.text.NOROM_RFCSynthPowerDown)
                  00016924    00000048     drivers_cc13x2.a : NVS.c.obj (.text.NVS_open)
                  0001696c    00000048                      : PowerCC26X2.c.obj (.text.PowerCC26XX_switchXOSC_HF)
                  000169b4    00000048     simple_peripheral.o (.text.SimplePeripheral_clearConnListEntry)
                  000169fc    00000048     libclang_rt.builtins.a : fixdfsi.S.obj (.text.__fixdfsi)
                  00016a44    00000048     ti_sysbios_config.o (.text.ti_sysbios_family_arm_cc26xx_Timer_start)
                  00016a8c    00000048     OneLib.a : att_util.o (.text)
                  00016ad4    00000048              : gattservapp.o (.text)
                  00016b1c    00000048              : ll.o (.text)
                  00016b64    00000048              : ll.o (.text)
                  00016bac    00000048              : ll_common.o (.text)
                  00016bf4    00000048              : ll_common.o (.text)
                  00016c3c    00000048     StackWrapper.a : osal_bufmgr.o (.text)
                  00016c84    00000046     drivers_cc13x2.a : RingBuf.c.obj (.text.RingBuf_put)
                  00016cca    00000002     rom_init.o (.text.MAP_llTerminatePeriodicScan)
                  00016ccc    00000044     ti_sysbios_config.o (.text.BIOS_atExitFunc)
                  00016d10    00000044     drivers_cc13x2.a : GPIOCC26XX.c.obj (.text.GPIO_getConfig)
                  00016d54    00000044                      : GPIOCC26X2.c.obj (.text.GPIO_hwiIntFxn)
                  00016d98    00000044     icall.o (.text.ICall_getEntityId)
                  00016ddc    00000044     driverlib.lib : prcm.c.obj (.text.NOROM_PRCMPowerDomainsAllOff)
                  00016e20    00000044                   : prcm.c.obj (.text.NOROM_PRCMPowerDomainsAllOn)
                  00016e64    00000044     rf_multiMode_cc13x2.a : RFCC26X2_multiMode.c.cc13x2.ticlang.o (.text.RF_cmdGet)
                  00016ea8    00000044                           : RFCC26X2_multiMode.c.cc13x2.ticlang.o (.text.RF_updatePowerupDuration)
                  00016eec    00000044     libclang_rt.builtins.a : fixunsdfsi.S.obj (.text.__fixunsdfsi)
                  00016f30    00000044     two_btn_menu.o (.text.tbm_goTo)
                  00016f74    00000044     ti_sysbios_config.o (.text.ti_sysbios_family_arm_m3_Hwi_Instance_finalize)
                  00016fb8    00000044     ti_sysbios_config.o (.text.ti_sysbios_family_arm_m3_Hwi_construct2)
                  00016ffc    00000044     ti_sysbios_config.o (.text.ti_sysbios_family_arm_m3_Hwi_disableInterrupt)
                  00017040    00000044     ti_sysbios_config.o (.text.ti_sysbios_family_arm_m3_Hwi_enableInterrupt)
                  00017084    00000044     ti_sysbios_config.o (.text.ti_sysbios_knl_Swi_restore)
                  000170c8    00000044     ti_sysbios_config.o (.text.ti_sysbios_knl_Task_create)
                  0001710c    00000044     OneLib.a : ll.o (.text)
                  00017150    00000044              : ll.o (.text)
                  00017194    00000044              : ll_ae.o (.text)
                  000171d8    00000044              : ll_ae.o (.text)
                  0001721c    00000044     StackWrapper.a : osal.o (.text)
                  00017260    00000044                    : osal_timers.o (.text)
                  000172a4    00000042     simple_peripheral.o (.text.SimplePeripheral_passcodeCb)
                  000172e6    00000042     OneLib.a : ll.o (.text)
                  00017328    00000042              : ll_common.o (.text)
                  0001736a    00000040     drivers_cc13x2.a : AESCTRDRBGXX.c.obj (.text.AESCTRDRBGXX_addBigendCounter)
                  000173aa    00000002     rom_init.o (.text.MAP_llUpdateCteState)
                  000173ac    00000040     drivers_cc13x2.a : ECDHCC26X2.c.obj (.text.ECDHCC26X2_waitForResult)
                  000173ec    00000040                      : PowerCC26X2_calibrateRCOSC.c.obj (.text.PowerCC26X2_RCOSC_clockFunc)
                  0001742c    00000040                      : PowerCC26X2_calibrateRCOSC_helpers.c.obj (.text.PowerCC26X2_setAclkRefSrc)
                  0001746c    00000040     simple_peripheral.o (.text.SimplePeripheral_stopAutoPhyChange)
                  000174ac    00000040     simple_gatt_profile.o (.text.SimpleProfile_GetParameter)
                  000174ec    00000040     util.o (.text.Util_convertBdAddr2Str)
                  0001752c    00000040     drivers_cc13x2.a : NVSCC26XX.c.obj (.text.disableFlashCache)
                  0001756c    00000040     two_btn_menu.o (.text.tbm_findActiveItem)
                  000175ac    00000040     ti_sysbios_config.o (.text.ti_sysbios_knl_Clock_getTicksUntilInterrupt)
                  000175ec    00000040     ti_sysbios_config.o (.text.ti_sysbios_knl_Task_exit)
                  0001762c    00000040     OneLib.a : gap_configmgr.o (.text)
                  0001766c    00000040              : gattservapp.o (.text)
                  000176ac    00000040              : ll_common.o (.text)
                  000176ec    00000040              : ll_common.o (.text)
                  0001772c    00000040              : sm_task.o (.text)
                  0001776c    00000040     StackWrapper.a : osal.o (.text)
                  000177ac    00000040                    : osal_bufmgr.o (.text)
                  000177ec    00000040                    : osal_timers.o (.text)
                  0001782c    0000003e     ti_sysbios_config.o (.text.sem_timedwait)
                  0001786a    0000003e     OneLib.a : ll_common.o (.text)
                  000178a8    0000003c     drivers_cc13x2.a : GPIO.c.obj (.text.GPIO_resetConfig)
                  000178e4    0000003c     ti_sysbios_config.o (.text.HwiP_construct)
                  00017920    0000003c     driverlib.lib : aes.c.obj (.text.NOROM_AESStartDMAOperation)
                  0001795c    0000003c                   : osc.c.obj (.text.NOROM_OSC_HPOSCRelativeFrequencyOffsetGet)
                  00017998    0000003c     nvocmp.o (.text.NVOCMP_getFreeNvApi)
                  000179d4    0000003c     drivers_cc13x2.a : PowerCC26X2_calibrateRCOSC_helpers.c.obj (.text.PowerCC26X2_setTdcClkSrc24M)
                  00017a10    0000003c     simple_peripheral.o (.text.SimplePeripheral_clockHandler)
                  00017a4c    0000003c     two_btn_menu.o (.text.tbm_buttonRight)
                  00017a88    0000003c     ti_sysbios_config.o (.text.ti_sysbios_family_arm_cc26xx_Timer_periodicStub)
                  00017ac4    0000003c     ti_sysbios_config.o (.text.ti_sysbios_family_arm_cc26xx_Timer_setThreshold)
                  00017b00    0000003c     ti_sysbios_config.o (.text.ti_sysbios_heaps_HeapCallback_construct)
                  00017b3c    0000003c     ti_sysbios_config.o (.text.ti_sysbios_knl_ClockSupport_init)
                  00017b78    0000003c     ti_sysbios_config.o (.text.ti_sysbios_knl_Task_blockI)
                  00017bb4    0000003c     ti_sysbios_config.o (.text.ti_sysbios_knl_Task_restore)
                  00017bf0    0000003c     ti_sysbios_config.o (.text.ti_sysbios_runtime_Memory_alloc)
                  00017c2c    0000003c     OneLib.a : gattservapp.o (.text)
                  00017c68    0000003c              : gattservapp.o (.text)
                  00017ca4    0000003c              : hci_event.o (.text)
                  00017ce0    0000003c              : hci_tl.o (.text)
                  00017d1c    0000003c              : linkdb.o (.text)
                  00017d58    0000003c              : ll_ae.o (.text)
                  00017d94    0000003c     StackWrapper.a : osal.o (.text)
                  00017dd0    0000003c                    : osal.o (.text)
                  00017e0c    0000003c                    : osal.o (.text)
                  00017e48    0000003c                    : osal_timers.o (.text)
                  00017e84    0000003c                    : sm_ecc.o (.text)
                  00017ec0    0000003a     drivers_cc13x2.a : CryptoUtils.c.obj (.text.CryptoUtils_copyPad)
                  00017efa    0000003a     ti_sysbios_config.o (.text.ti_sysbios_knl_Task_checkStacks)
                  00017f34    0000003a     OneLib.a : linkdb.o (.text)
                  00017f6e    0000003a     StackWrapper.a : osal.o (.text)
                  00017fa8    00000038     drivers_cc13x2.a : AESCTRCC26XX.c.obj (.text.AESCTR_cleanup)
                  00017fe0    00000038                      : AESECBCC26XX.c.obj (.text.AESECB_cleanup)
                  00018018    00000038     board_key.o (.text.GPIO_Board_keyCallback)
                  00018050    00000038     icall.o (.text.ICall_dispatch)
                  00018088    00000038     icall.o (.text.ICall_heapFree)
                  000180c0    00000038     icall.o (.text.ICall_searchTask)
                  000180f8    00000038     icall.o (.text.ICall_setTimerMSecs)
                  00018130    00000038     driverlib.lib : osc.c.obj (.text.InternCapArrayAdjustWithBaseline7001F)
                  00018168    00000038                   : aux_sysif.c.obj (.text.NOROM_AUXSYSIFOpModeChange)
                  000181a0    00000038                   : osc.c.obj (.text.NOROM_OSCHF_SwitchToRcOscTurnOffXosc)
                  000181d8    00000038                   : sys_ctrl.c.obj (.text.NOROM_SysCtrlIdle)
                  00018210    00000038     nvocmp.o (.text.NVOCMP_disableCache)
                  00018248    00000038     nvocmp.o (.text.NVOCMP_write)
                  00018280    00000038     driverlib.lib : osc.c.obj (.text.OSCHfSourceSwitch)
                  000182b8    00000038     drivers_cc13x2.a : PowerCC26X2_helpers.c.obj (.text.PowerCC26X2_oscDisableQualifiers)
                  000182f0    00000038                      : Random.c.obj (.text.Random_getNumber)
                  00018328    00000038                      : RingBuf.c.obj (.text.RingBuf_putAdvance)
                  00018360    00000038     simple_peripheral.o (.text.SimplePeripheral_createTask)
                  00018398    00000038     simple_peripheral.o (.text.SimplePeripheral_setPhy)
                  000183d0    00000038     drivers_cc13x2.a : UDMACC26XX.c.obj (.text.UDMACC26XX_close)
                  00018408    00000038     libclang_rt.builtins.a : extendsfdf2.S.obj (.text.__extendsfdf2)
                  00018440    00000038     ti_sysbios_config.o (.text.getTime)
                  00018478    00000038     rf_multiMode_cc13x2.a : rf_patch_cpe_bt5.c.cc13x2.ticlang.o (.text.rf_patch_cpe_bt5)
                  000184b0    00000038     ti_sysbios_config.o (.text.ti_sysbios_knl_Task_processVitalTaskFlag)
                  000184e8    00000038     OneLib.a : gattservapp.o (.text)
                  00018520    00000038              : hci.o (.text)
                  00018558    00000038              : ll_ae.o (.text)
                  00018590    00000038              : ll_ae.o (.text)
                  000185c8    00000038              : ll_enc.o (.text)
                  00018600    00000038              : ll_enc.o (.text)
                  00018638    00000038              : ll_scheduler.o (.text)
                  00018670    00000038              : ll_scheduler.o (.text)
                  000186a8    00000038              : ll_scheduler.o (.text)
                  000186e0    00000038              : sm_rsppairing.o (.text)
                  00018718    00000038     StackWrapper.a : gattservapp_util.o (.text)
                  00018750    00000038                    : osal_timers.o (.text)
                  00018788    00000038     libc.a : autoinit.c.obj (.text:__TI_auto_init_nobinit_nopinit)
                  000187c0    00000036     drivers_cc13x2.a : CryptoUtils.c.obj (.text.CryptoUtils_buffersMatch)
                  000187f6    00000036     icall.o (.text.ICall_fetchServiceMsg)
                  0001882c    00000036     ti_sysbios_config.o (.text.SwiP_construct)
                  00018862    00000036     StackWrapper.a : ble_dispatch_lite.o (.text)
                  00018898    00000034     icall.o (.text.ICall_AbsoluteTimePlusTimerInMilli)
                  000188cc    00000034     icall.o (.text.ICall_searchServiceEntity)
                  00018900    00000034     nvocmp.o (.text.NVOCMP_changePageState)
                  00018934    00000034     drivers_cc13x2.a : PowerCC26X2_helpers.c.obj (.text.PowerCC26X2_setSubSecIncToXoscLf)
                  00018968    00000034                      : PowerCC26X2.c.obj (.text.Power_releaseConstraint)
                  0001899c    00000034     rf_multiMode_cc13x2.a : RFCC26X2_multiMode.c.cc13x2.ticlang.o (.text.RF_powerConstraintRelease)
                  000189d0    00000034                           : RFCC26X2_multiMode.c.cc13x2.ticlang.o (.text.RF_runDirectImmediateCmd)
                  00018a04    00000034     drivers_cc13x2.a : UART2CC26X2.c.obj (.text.UART2Support_sendData)
                  00018a38    00000034                      : UART2.c.obj (.text.UART2_rxDisable)
                  00018a6c    00000034     util.o (.text.Util_enqueueMsg)
                  00018aa0    00000034     ti_sysbios_config.o (.text._pthread_cleanupFxn)
                  00018ad4    00000034     ti_sysbios_config.o (.text.ti_sysbios_family_arm_m3_Hwi_getStackInfo)
                  00018b08    00000034     ti_sysbios_config.o (.text.ti_sysbios_family_arm_m3_Hwi_init)
                  00018b3c    00000034     ti_sysbios_config.o (.text.ti_sysbios_knl_Clock_Instance_init)
                  00018b70    00000034     ti_sysbios_config.o (.text.ti_sysbios_knl_Task_unblockI)
                  00018ba4    00000034     ti_sysbios_config.o (.text.ti_sysbios_runtime_Error_raiseX)
                  00018bd8    00000034     OneLib.a : gap_configmgr.o (.text)
                  00018c0c    00000034              : hci.o (.text)
                  00018c40    00000034              : ll_ae.o (.text)
                  00018c74    00000034              : ll_enc.o (.text)
                  00018ca8    00000034     StackWrapper.a : gapbondmgr.o (.text)
                  00018cdc    00000034                    : icall_startup.o (.text)
[...]
20000fc4  rfFeModeBias                                                       
20000fc5  defaultPhy                                                         
20000fc6  maxNumTxDataBufs                                                   
20000fc7  LL_TaskID                                                          
20000fc8  llState                                                            
20000fc9  rssiCorrection                                                     
20000fca  curTxPowerVal                                                      
20000fcb  maxTxPwrForDTM                                                     
20000fcc  onePktPerEvt                                                       
20000fcd  numComplPkts                                                       
20000fce  numComplPktsLimit                                                  
20000fcf  numComplPktsFlush                                                  
20000fd0  fastTxRespTime                                                     
20000fd1  slOverride                                                         
20000fd2  rxFifoFlowCtrl                                                     
20000fd3  numTxDataBufs                                                      
20000fd4  maxNumConns                                                        
20000fd5  aeCurHandle                                                        
20000fd6  aeCurAdvEnableHandle                                               
20000fd7  aeCurConnHandle                                                    
20000fd8  extScanIndex                                                       
20000fd9  extInitIndex                                                       
20000fda  scanState                                                          
20000fdb  lastPrimPhy                                                        
20000fdc  lastScanRsp                                                        
20000fdd  smTaskID                                                           
20000fde  SM_appExpectingKey                                                 
20001900  PowerCC26X2_module                                                 
20001da8  gapAttrTbl                                                         
20001e58  gpioPinConfigs                                                     
20001ed4  ICall_dispatcher                                                   
20001f52  bleUserCfg_maxPduSize                                              
20001f54  ti_sysbios_runtime_Startup_done                                    
20001f59  ti_sysbios_knl_Idle_initDone                                       
20001f5c  ti_sysbios_runtime_Memory_defaultHeapInstance                      
20001f78  ti_sysbios_runtime_Error_ignore                                    
20001f84  ti_sysbios_family_arm_cc26xx_Timer_Module_state                    
20001f90  ti_sysbios_runtime_System_Module_state                             
20001f9c  ti_sysbios_knl_Swi_Module_state                                    
20001fc4  llUserConfig                                                       
20002098  BIOS_Module_state                                                  
200020c4  ti_sysbios_family_arm_m3_Hwi_Module_state                          
20002100  ti_sysbios_knl_Clock_Module_state                                  
20002288  pOverrides_bleCommon                                               
200022dc  txPowerTable_2400_pa5                                              
2000232c  gattAttrTbl                                                        
2000236c  sm_eccKeys_sc_host_debug                                           
200023e8  nvintfFncStruct                                                    
20002424  ti_sysbios_knl_Task_Module_state                                   
200024f2  disconnectImmedConnId                                              
20002544  eccParams_NISTP256                                                 
20002568  argPeriodic                                                        
20002569  argRpaRead                                                         
2000256a  autoConnect                                                        
20002570  dispHandle                                                         
20002588  advParams1                                                         
200025a4  advParams2                                                         
200025c0  pOverrides_ble2Mbps                                                
200025dc  pOverrides_ble1Mbps                                                
200025f4  attDeviceName                                                      
2000260a  llUserConfig_maxPduSize                                            
20002620  DisplayUart2Ansi_escInitial                                        
2000269c  ICall_enterCriticalSection                                         
200026a0  ICall_leaveCriticalSection                                         
200026a4  heapmgrMemFreeTotal                                                
200026a8  RF_modeBle                                                         
200026b8  _hposcCoeffs                                                       
200026c8  bleAppServiceInfoTable                                             
200026d8  pOverrides_bleCoded                                                
200026e8  user0Cfg                                                           
200026f8  gattAttrTbl_gatt_no_service_changed                                
20002708  sizeInfo                                                           
20002718  pairMode                                                           
20002719  mitm                                                               
2000271a  ioCap                                                              
2000271b  bonding                                                            
2000271c  secureConnection                                                   
2000271d  authenPairingOnly                                                  
2000271e  autoSyncWL                                                         
2000271f  eccReGenPolicy                                                     
20002720  KeySize                                                            
20002721  removeLRUBond                                                      
20002722  KeyDistList                                                        
20002723  eccDebugKeys                                                       
20002724  allowDebugKeys                                                     
20002725  eraseBondWhileInConn                                               
20002726  sameIrkAction                                                      
20002735  PKAResourceCC26XX_pollingFlag                                      
20002736  baseTaskID                                                         
20002744  advData1                                                           
2000274f  advData2                                                           
2000277c  RFCC26XX_schedulerPolicy                                           
20002784  ti_sysbios_gates_GateMutexPri_Module_state                         
2000278c  ti_sysbios_heaps_HeapCallback_Module_state                         
20002794  ti_sysbios_knl_Event_state                                         
2000279c  ti_sysbios_knl_Semaphore_Module_state                              
200027a4  periConnParameters                                                 
200027ac  clientCbs                                                          
200027b4  pRandomAddress                                                     
200027ba  DisplayUart2Ansi_escClearScreen                                    
200027c8  __aeabi_errno                                                      
200027cc  _lock                                                              
200027d0  _unlock                                                            
200027d4  appAssertCback                                                     
200027d8  appKeyChangeHandler                                                
200027dc  icallServiceTblPtr                                                 
200027e0  pRfErrCb                                                           
200027e4  pfnBMAlloc                                                         
200027e8  pfnBMFree                                                          
200027ec  patchedSlaveCtrlPktList                                            
200027f0  halAssertCback                                                     
20002808  deviceNameCharProps                                                
20002809  appearanceCharProps                                                
2000280a  periConnParamCharProps                                             
2000280b  centAddrResCharProps                                               
2000280c  centAddrRes                                                        
2000280d  resolvablePrivateAddressOnlyCharProps                              
2000280e  GATTServApp_gatt_no_service_changed                                
20002810  qosDefaultPriorityConnParameter                                    
20002811  extScanChanMap                                                     
20002812  sizeOfAllExtConnParam                                              
20002813  rfRatHandle                                                        
20002814  smAllowDebugKeysMode                                               
20002815  gapEndAppTaskID                                                    
20002816  gapAppTaskID                                                       
20002817  legacyMode                                                         
20002818  spTaskStack                                                        
20002c18  ti_sysbios_knl_Idle_taskStack                                      
200031d8  uart2CC26X2Objects                                                 
20003348  rfObject                                                           
20003448  ti_sysbios_family_arm_m3_Hwi_dispatchTable                         
200035e0  aesctrdrbgXXObjects                                                
20003684  trngCC26XXObjects                                                  
20003788  gpioCallbackFunctions                                              
20003804  gpioUserArgs                                                       
20003880  cbTimers                                                           
20003960  ti_sysbios_knl_ClockSupport_timerStruct                            
200039c0  spTask                                                             
20003a18  ti_sysbios_knl_Idle_taskStruct                                     
20003a70  CryptoResourceCC26XX_accessSemaphore                               
20003ac0  CryptoResourceCC26XX_operationSemaphore                            
20003b10  PKAResourceCC26XX_accessSemaphore                                  
20003b60  PKAResourceCC26XX_operationSemaphore                               
20003cbc  nvFptrs                                                            
20003cf8  ti_sysbios_knl_Swi_readyQs                                         
20003d28  ti_sysbios_knl_Task_readyQs                                        
20003d58  NVOCMP_nvHandle                                                    
20003d86  appearance                                                         
20003d88  aesecbCC26XXObjects                                                
20003dd4  llCteSamples                                                       
20003e38  req                                                                
20003e58  gapBond_remoteOobData                                              
20003e78  gapBond_localOobData                                               
20003e98  ecdhCC26X2Objects                                                  
20003eb8  ti_sysbios_runtime_System_atexitHandlers                           
20003ed8  udmaCC26XXObject                                                   
20003f14  BIOS_heapCallbackObject                                            
20003f30  BIOS_rtsGate                                                       
20003f4c  CryptoResourceCC26XX_hwi                                           
20003f68  PKAResourceCC26XX_hwi                                              
20003f84  deviceName                                                         
20003f9c  aesccmCC26XXObjects                                                
20003fc8  spMenuAutoConnect                                                  
20003fdc  spMenuConnPhy                                                      
20003ff0  spMenuMain                                                         
20004004  spMenuPerConn                                                      
20004018  spMenuSelectConn                                                   
2000402c  ti_sysbios_hal_Seconds_Module_state                                
2000404f  scanResToDiscard                                                   
20004050  llCteTest                                                          
2000405c  cteAntennaProp                                                     
20004068  llTaskList                                                         
20004074  displayUart2Object                                                 
20004080  name                                                               
2000408a  maximumPduSize                                                     
20004094  defaultChannelMap                                                  
2000409c  secondaryAdvChannelMap                                             
200040a4  llRfCmdPreemption                                                  
200040b4  ieeeAddress                                                        
200040c8  ggs_AppCBs                                                         
200040cc  pClientSecCBs                                                      
200040d4  linkDBExtra                                                        
200040d8  BDAddrPerConnHandle                                                
200040dc  llCte                                                              
200040e0  llConnExtParam                                                     
200040e4  extStackSettings                                                   
200040e8  rfMode                                                             
200040ec  trngHandle                                                         
200040f0  pNextAdvSet                                                        
200040f4  llCurrentMappedChan                                                
200040f8  drbgHandle                                                         
200040fc  pRpaCfg                                                            
20004100  pRXWindowTask                                                      
20004104  gapBond_lruBondList                                                
20004108  gapBondStateNodeHead                                               
2000410c  osal_syncHandle                                                    
20004110  osal_icallMsg_hook                                                 
20004114  osal_qHead                                                         
20004118  osal_max_msecs                                                     
2000411c  osal_tickperiod                                                    
20004120  osal_eventloop_hook                                                
20004124  bm_preReleaseBuffCB                                                
20004130  OSAL_timeSeconds                                                   
20004134  timerHead                                                          
2000413c  osal_last_timestamp                                                
20004140  HEAPMGR_SIZE                                                       
20004144  PowerCC26XX_swiKey                                                 
20004148  PowerCC26XX_taskKey                                                
2000414c  tasksEvents                                                        
20004150  ti_sysbios_family_arm_cc26xx_TimestampProvider_Module_state        
20004154  ti_sysbios_knl_Task_defaultStackHeap                               
20004158  pwrmgr_attribute                                                   
2000415a  resolvablePrivateAddressOnly                                       
2000415b  GATTServApp_att_delayed_req                                        
2000415c  hciTaskID                                                          
2000415d  hciL2capTaskID                                                     
2000415e  hciGapTaskID                                                       
2000415f  hciSmpTaskID                                                       
20004160  hciTestTaskID                                                      
20004161  hciVsEvtMask                                                       
20004162  scanReqRpt                                                         
20004163  secondaryAdvChannelMapPopCount                                     
20004164  qosDefaultPriorityAdvParameter                                     
20004165  maxNumCteDataBufs                                                  
20004166  numActiveAdvSets                                                   
20004167  wlSize                                                             
20004168  rlSize                                                             
20004169  decryptResult                                                      
2000416a  llUnhandleNextIntFlag                                              
2000416b  smAuthenPairingOnlyMode                                            
2000416c  icall_liteTaskId                                                   
2000416d  gapBond_removeLRUBond                                              
2000416e  gapBond_syncRL                                                     
2000416f  assertSubcause                                                     
20004170  osal_entity                                                        
20004171  pwrmgr_initialized                                                 
20004172  NVOCMP_size                                                        
20004173  gAction                                                            
20004174  nvsCC26XXObjects                                                   
20004175  tbmRowItemLast                                                     
20004200  ti_sysbios_family_arm_m3_Hwi_ramVectors                            
200042d8  heapStart                                                          
20013c00  __stack                                                            
20013c00  heapEnd                                                            
20014000  __STACK_END                                                        
20014000  __STACK_TOP                                                        
20014000  __UNUSED_SRAM_end__                                                
ffffffff  __TI_pprof_out_hndl                                                
ffffffff  __TI_prof_data_size                                                
ffffffff  __TI_prof_data_start                                               
ffffffff  __binit__                                                          
ffffffff  binit                                                              
UNDEFED   ITM_flush                                                          
UNDEFED   ITM_restore                                                        
UNDEFED   __c_args__                                                         
UNDEFED   __mpu_init                                                         

[2671 symbols]
